LIS3DH_reg.c:49:9:lis3dh_read_reg	40	static
LIS3DH_reg.c:67:9:lis3dh_write_reg	40	static
LIS3DH_reg.c:88:7:lis3dh_from_fs2_hr_to_mg	16	static
LIS3DH_reg.c:93:7:lis3dh_from_fs4_hr_to_mg	16	static
LIS3DH_reg.c:98:7:lis3dh_from_fs8_hr_to_mg	16	static
LIS3DH_reg.c:103:7:lis3dh_from_fs16_hr_to_mg	16	static
LIS3DH_reg.c:108:7:lis3dh_from_lsb_hr_to_celsius	16	static
LIS3DH_reg.c:113:7:lis3dh_from_fs2_nm_to_mg	16	static
LIS3DH_reg.c:118:7:lis3dh_from_fs4_nm_to_mg	16	static
LIS3DH_reg.c:123:7:lis3dh_from_fs8_nm_to_mg	16	static
LIS3DH_reg.c:128:7:lis3dh_from_fs16_nm_to_mg	16	static
LIS3DH_reg.c:133:7:lis3dh_from_lsb_nm_to_celsius	16	static
LIS3DH_reg.c:138:7:lis3dh_from_fs2_lp_to_mg	16	static
LIS3DH_reg.c:143:7:lis3dh_from_fs4_lp_to_mg	16	static
LIS3DH_reg.c:148:7:lis3dh_from_fs8_lp_to_mg	16	static
LIS3DH_reg.c:153:7:lis3dh_from_fs16_lp_to_mg	16	static
LIS3DH_reg.c:158:7:lis3dh_from_lsb_lp_to_celsius	16	static
LIS3DH_reg.c:183:9:lis3dh_temp_status_reg_get	24	static
LIS3DH_reg.c:197:9:lis3dh_temp_data_ready_get	24	static
LIS3DH_reg.c:214:9:lis3dh_temp_data_ovr_get	24	static
LIS3DH_reg.c:231:9:lis3dh_temperature_raw_get	24	static
LIS3DH_reg.c:261:9:lis3dh_adc_raw_get	32	static
LIS3DH_reg.c:283:9:lis3dh_aux_adc_set	24	static
LIS3DH_reg.c:315:9:lis3dh_aux_adc_get	24	static
LIS3DH_reg.c:348:9:lis3dh_operating_mode_set	32	static
LIS3DH_reg.c:398:9:lis3dh_operating_mode_get	32	static
LIS3DH_reg.c:435:9:lis3dh_data_rate_set	24	static
LIS3DH_reg.c:459:9:lis3dh_data_rate_get	24	static
LIS3DH_reg.c:524:9:lis3dh_high_pass_on_outputs_set	24	static
LIS3DH_reg.c:550:9:lis3dh_high_pass_on_outputs_get	24	static
LIS3DH_reg.c:575:9:lis3dh_high_pass_bandwidth_set	24	static
LIS3DH_reg.c:606:9:lis3dh_high_pass_bandwidth_get	24	static
LIS3DH_reg.c:647:9:lis3dh_high_pass_mode_set	24	static
LIS3DH_reg.c:671:9:lis3dh_high_pass_mode_get	24	static
LIS3DH_reg.c:712:9:lis3dh_full_scale_set	24	static
LIS3DH_reg.c:736:9:lis3dh_full_scale_get	24	static
LIS3DH_reg.c:776:9:lis3dh_block_data_update_set	24	static
LIS3DH_reg.c:800:9:lis3dh_block_data_update_get	24	static
LIS3DH_reg.c:819:9:lis3dh_filter_reference_set	24	static
LIS3DH_reg.c:835:9:lis3dh_filter_reference_get	24	static
LIS3DH_reg.c:849:9:lis3dh_xl_data_ready_get	24	static
LIS3DH_reg.c:866:9:lis3dh_xl_data_ovr_get	24	static
LIS3DH_reg.c:883:9:lis3dh_acceleration_raw_get	32	static
LIS3DH_reg.c:916:9:lis3dh_device_id_get	24	static
LIS3DH_reg.c:930:9:lis3dh_self_test_set	24	static
LIS3DH_reg.c:954:9:lis3dh_self_test_get	24	static
LIS3DH_reg.c:990:9:lis3dh_data_format_set	24	static
LIS3DH_reg.c:1014:9:lis3dh_data_format_get	24	static
LIS3DH_reg.c:1046:9:lis3dh_boot_set	24	static
LIS3DH_reg.c:1070:9:lis3dh_boot_get	24	static
LIS3DH_reg.c:1088:9:lis3dh_status_get	24	static
LIS3DH_reg.c:1115:9:lis3dh_int1_gen_conf_set	24	static
LIS3DH_reg.c:1131:9:lis3dh_int1_gen_conf_get	24	static
LIS3DH_reg.c:1147:9:lis3dh_int1_gen_source_get	24	static
LIS3DH_reg.c:1164:9:lis3dh_int1_gen_threshold_set	24	static
LIS3DH_reg.c:1188:9:lis3dh_int1_gen_threshold_get	24	static
LIS3DH_reg.c:1206:9:lis3dh_int1_gen_duration_set	24	static
LIS3DH_reg.c:1231:9:lis3dh_int1_gen_duration_get	24	static
LIS3DH_reg.c:1262:9:lis3dh_int2_gen_conf_set	24	static
LIS3DH_reg.c:1278:9:lis3dh_int2_gen_conf_get	24	static
LIS3DH_reg.c:1293:9:lis3dh_int2_gen_source_get	24	static
LIS3DH_reg.c:1310:9:lis3dh_int2_gen_threshold_set	24	static
LIS3DH_reg.c:1334:9:lis3dh_int2_gen_threshold_get	24	static
LIS3DH_reg.c:1352:9:lis3dh_int2_gen_duration_set	24	static
LIS3DH_reg.c:1377:9:lis3dh_int2_gen_duration_get	24	static
LIS3DH_reg.c:1407:9:lis3dh_high_pass_int_conf_set	24	static
LIS3DH_reg.c:1432:9:lis3dh_high_pass_int_conf_get	24	static
LIS3DH_reg.c:1489:9:lis3dh_pin_int1_config_set	24	static
LIS3DH_reg.c:1505:9:lis3dh_pin_int1_config_get	24	static
LIS3DH_reg.c:1522:9:lis3dh_int2_pin_detect_4d_set	24	static
LIS3DH_reg.c:1547:9:lis3dh_int2_pin_detect_4d_get	24	static
LIS3DH_reg.c:1567:9:lis3dh_int2_pin_notification_mode_set	24	static
LIS3DH_reg.c:1594:9:lis3dh_int2_pin_notification_mode_get	24	static
LIS3DH_reg.c:1628:9:lis3dh_int1_pin_detect_4d_set	24	static
LIS3DH_reg.c:1653:9:lis3dh_int1_pin_detect_4d_get	24	static
LIS3DH_reg.c:1672:9:lis3dh_int1_pin_notification_mode_set	24	static
LIS3DH_reg.c:1698:9:lis3dh_int1_pin_notification_mode_get	24	static
LIS3DH_reg.c:1731:9:lis3dh_pin_int2_config_set	24	static
LIS3DH_reg.c:1747:9:lis3dh_pin_int2_config_get	24	static
LIS3DH_reg.c:1774:9:lis3dh_fifo_set	24	static
LIS3DH_reg.c:1798:9:lis3dh_fifo_get	24	static
LIS3DH_reg.c:1816:9:lis3dh_fifo_watermark_set	24	static
LIS3DH_reg.c:1840:9:lis3dh_fifo_watermark_get	24	static
LIS3DH_reg.c:1858:9:lis3dh_fifo_trigger_event_set	24	static
LIS3DH_reg.c:1883:9:lis3dh_fifo_trigger_event_get	24	static
LIS3DH_reg.c:1916:9:lis3dh_fifo_mode_set	24	static
LIS3DH_reg.c:1940:9:lis3dh_fifo_mode_get	24	static
LIS3DH_reg.c:1980:9:lis3dh_fifo_status_get	24	static
LIS3DH_reg.c:1995:9:lis3dh_fifo_data_level_get	24	static
LIS3DH_reg.c:2012:9:lis3dh_fifo_empty_flag_get	24	static
LIS3DH_reg.c:2029:9:lis3dh_fifo_ovr_flag_get	24	static
LIS3DH_reg.c:2046:9:lis3dh_fifo_fth_flag_get	24	static
LIS3DH_reg.c:2076:9:lis3dh_tap_conf_set	24	static
LIS3DH_reg.c:2092:9:lis3dh_tap_conf_get	24	static
LIS3DH_reg.c:2107:9:lis3dh_tap_source_get	24	static
LIS3DH_reg.c:2123:9:lis3dh_tap_threshold_set	24	static
LIS3DH_reg.c:2148:9:lis3dh_tap_threshold_get	24	static
LIS3DH_reg.c:2169:9:lis3dh_tap_notification_mode_set	24	static
LIS3DH_reg.c:2197:9:lis3dh_tap_notification_mode_get	24	static
LIS3DH_reg.c:2232:9:lis3dh_shock_dur_set	24	static
LIS3DH_reg.c:2258:9:lis3dh_shock_dur_get	24	static
LIS3DH_reg.c:2279:9:lis3dh_quiet_dur_set	24	static
LIS3DH_reg.c:2306:9:lis3dh_quiet_dur_get	24	static
LIS3DH_reg.c:2327:9:lis3dh_double_tap_timeout_set	24	static
LIS3DH_reg.c:2354:9:lis3dh_double_tap_timeout_get	24	static
LIS3DH_reg.c:2387:9:lis3dh_act_threshold_set	24	static
LIS3DH_reg.c:2411:9:lis3dh_act_threshold_get	24	static
LIS3DH_reg.c:2429:9:lis3dh_act_timeout_set	24	static
LIS3DH_reg.c:2452:9:lis3dh_act_timeout_get	24	static
LIS3DH_reg.c:2482:9:lis3dh_pin_sdo_sa0_mode_set	24	static
LIS3DH_reg.c:2507:9:lis3dh_pin_sdo_sa0_mode_get	24	static
LIS3DH_reg.c:2540:9:lis3dh_spi_mode_set	24	static
LIS3DH_reg.c:2564:9:lis3dh_spi_mode_get	24	static
