main.c:89:6:myprintf	16	static
main.c:111:5:main	88	static
main.c:302:6:SystemClock_Config	184	static
main.c:356:13:MX_I2C1_Init	8	static
main.c:390:13:MX_RTC_Init	32	static
main.c:451:13:MX_SPI2_Init	8	static
main.c:489:13:MX_USART2_UART_Init	8	static
main.c:522:13:MX_GPIO_Init	48	static
main.c:568:16:platform_write	40	static
main.c:586:16:platform_read	40	static
main.c:595:6:HAL_GPIO_EXTI_Callback	16	static
main.c:615:13:RTC_ShowMeTime	24	static
main.c:631:6:Error_Handler	4	static
